---
source: parser/src/lib.rs
expression: parser.parse_all().unwrap()

---
Node {
    base: StatementList(
        [
            Node {
                base: BinaryOp(
                    Node {
                        base: Number(
                            2.0,
                        ),
                        loc: Loc(line:1,column:0,pos:0),
                    },
                    Node {
                        base: BinaryOp(
                            Node {
                                base: Number(
                                    1.0,
                                ),
                                loc: Loc(line:1,column:5,pos:5),
                            },
                            Node {
                                base: Number(
                                    3.0,
                                ),
                                loc: Loc(line:1,column:9,pos:9),
                            },
                            Add,
                        ),
                        loc: Loc(line:1,column:9,pos:9),
                    },
                    Mul,
                ),
                loc: Loc(line:1,column:4,pos:4),
            },
        ],
    ),
    loc: Loc(line:1,column:0,pos:0),
}
