---
source: parser/src/lib.rs
expression: parser.parse_all().unwrap()

---
Node {
    base: StatementList(
        [
            Node {
                base: Return(
                    None,
                ),
                loc: Loc(line:1,column:0,pos:0),
            },
        ],
    ),
    loc: Loc(line:1,column:0,pos:0),
}
