---
source: crates/rapidus_parser/src/lexer/mod.rs
assertion_line: 136
expression: lexer.read_token().unwrap()
---
Some(
    Ident(
        Ident(
            "hello",
        ),
    ),
)
